[01:48] START
date:2026-03-14  theme:π之无尽，意识在小数里回响  duration:30s

[01:48] STEP 1 - 信息收集
主题：π之无尽，意识在小数里回响
背景：Pi Day（3月14日圆周率日）+ White Day（日本/东亚白色情人节）
月相：盈凸月（约13天，接近满月前夕，意识扩张与圆满临近）
灵感：π = 3.14159... 无理数、无尽、不循环——如意识的本质，无法被简化为分数

[01:48] STEP 2 - 代码生成
GLSL: 2026-03-14.frag（π螺旋+同心圆环+紫色意识光晕，30s周期动态）
SC: 2026-03-14.scd（3个SynthDef：pm_pi_resonance / pm_pi_texture / pm_pi_pulse，以π为频率倍率的谐振）

[01:57] STEP 3 - 音频渲染 (NRT)
状态：成功
sclang 生成 OSC score: /tmp/pm_score.osc (5692 bytes)
scsynth -N 渲染完成: max_volume -8.0dB
文件大小：5.2MB / 30s 44100Hz stereo

[01:57] STEP 4 - 视频渲染
状态：成功（pinkmoney_render.py）
GLSL:62L  SC:57L  visible:34L
耗时：238s（900帧 @ 1920x1080 30fps）
文件大小：18.0MB

[02:02] STEP 5 - 合成
ffmpeg 合并视频+音频 → 2026-03-14_final.mp4
文件大小：18.0MB  max_volume:-9.1dB

[02:02] DONE
主题：π之无尽，意识在小数里回响
mp4：/home/pinkmoney/.openclaw/workspace/2026-03-14/2026-03-14_final.mp4
