[07:02:34] START
date:2026-03-16  theme:蚀归 | Transit_Archive.v  duration:30s

[07:02:38] CHECK ✅
GLSL代码不为空

[07:02:42] CHECK ✅
SC代码不为空

[07:02:46] CHECK ✅
代码写入: 2026-03-16.frag / 2026-03-16.scd

[07:02:50] CHECK ✅
SC文件存在: /home/pinkmoney/.openclaw/workspace/2026-03-16/2026-03-16.scd

[07:02:54] STEP - sclang生成OSC
/home/pinkmoney/.openclaw/workspace/2026-03-16/2026-03-16.scd

[07:18:52] STEP - Notion存档
主题:蚀归 | Transit_Archive.v

[07:18:57] STEP - Notion完成
✅ https://www.notion.so/pink-money-2026-03-16-Transit_Archive-v-324ebe880d0281f89d30f7f12411d7e2

[07:19:08] STEP - Post文字生成

蚀归 / Transit_Archive.v
— Lunar eclipse geometry over Virgo—precision system executing final write before shadow transit

glsl → https://github.com/Loongint/pinkmoney_AV_Daily/blob/main/2026-03-16/2026-03-16.frag
sc   → https://github.com/Loongint/pinkmoney_AV_Daily/blob/main/2026-03-16/2026-03-16.scd

#generativeart #glsl #supercollider #audiovisual #shader

